ubuntu-noroot          [debian, linux, mise, standalone]
ubuntu-noroot-tooled   [debian, linux, mise, rust, standalone]
ubuntu-root            [apt, debian, linux, mise, mise-full, root]
ubuntu-desktop         [apt, debian, desktop, emacs, linux, mise, mise-full, root, rust]
alpine-noroot          [linux, mise, standalone]
nixos-server           [linux, mise, mise-full, nix, root]
omarchy                [conda, desktop, emacs, linux, mise, mise-full, nix, omarchy, root, rust]
macbook                [conda, darwin, desktop, emacs, mise, mise-full, nix, nixdarwin, rust]
ci-container           [debian, linux, root]
